Unloading shared
  WARNING: Did not unuse /cm/shared/modulefiles
[start] Sat May 23 04:21:26 PM CDT 2026  task=9  policy=cnn  name=cond_B  ckpt=runs/cnn__g1_yrandom__cond_B__3__1779568248/agent.pt
----- visible teleport (goal moves into agent's 7x7 view) -----

Agent:               runs/cnn__g1_yrandom__cond_B__3__1779568248/agent.pt
Policy:              cnn
Eval distribution:   goal_room=random  yellow_room=off
Teleport mode:       visible
Intervention step:   30
Valid episodes:      200  (skipped 138)

Reach-new-goal rate:                 0.955  (191/200)
Steps to reach (when reached):       mean=6.9  median=5.0
Initial dist to new goal:            mean=3.55  median=3.0
Closest approach (min dist after):   mean=0.15  median=0.0
Distance drop in first 5 steps:      mean=-2.13  median=-3.0
  (negative = moved toward new goal,  positive = moved away,  ~0 = no response)
----- invisible teleport (goal moves far outside agent's view) -----

Agent:               runs/cnn__g1_yrandom__cond_B__3__1779568248/agent.pt
Policy:              cnn
Eval distribution:   goal_room=random  yellow_room=off
Teleport mode:       invisible
Intervention step:   30
Valid episodes:      200  (skipped 161)

Reach-new-goal rate:                 0.600  (120/200)
Steps to reach (when reached):       mean=30.0  median=28.0
Initial dist to new goal:            mean=12.56  median=12.0
Closest approach (min dist after):   mean=3.48  median=0.0
Distance drop in first 5 steps:      mean=-0.19  median=-1.0
  (negative = moved toward new goal,  positive = moved away,  ~0 = no response)
[done] Sat May 23 04:21:47 PM CDT 2026  policy=cnn  name=cond_B
