Unloading shared
  WARNING: Did not unuse /cm/shared/modulefiles
[start] Sat May 23 04:21:32 PM CDT 2026  task=11  policy=cnn  name=cond_D  ckpt=runs/cnn__grandom_yrandom__cond_D__1__1779563867/agent.pt
----- visible teleport (goal moves into agent's 7x7 view) -----

Agent:               runs/cnn__grandom_yrandom__cond_D__1__1779563867/agent.pt
Policy:              cnn
Eval distribution:   goal_room=random  yellow_room=off
Teleport mode:       visible
Intervention step:   30
Valid episodes:      200  (skipped 128)

Reach-new-goal rate:                 0.920  (184/200)
Steps to reach (when reached):       mean=6.8  median=6.0
Initial dist to new goal:            mean=3.65  median=4.0
Closest approach (min dist after):   mean=0.29  median=0.0
Distance drop in first 5 steps:      mean=-2.08  median=-3.0
  (negative = moved toward new goal,  positive = moved away,  ~0 = no response)
----- invisible teleport (goal moves far outside agent's view) -----

Agent:               runs/cnn__grandom_yrandom__cond_D__1__1779563867/agent.pt
Policy:              cnn
Eval distribution:   goal_room=random  yellow_room=off
Teleport mode:       invisible
Intervention step:   30
Valid episodes:      200  (skipped 151)

Reach-new-goal rate:                 0.575  (115/200)
Steps to reach (when reached):       mean=30.2  median=25.0
Initial dist to new goal:            mean=13.45  median=13.0
Closest approach (min dist after):   mean=3.35  median=0.0
Distance drop in first 5 steps:      mean=-0.68  median=-2.0
  (negative = moved toward new goal,  positive = moved away,  ~0 = no response)
[done] Sat May 23 04:21:54 PM CDT 2026  policy=cnn  name=cond_D
