Unloading shared
  WARNING: Did not unuse /cm/shared/modulefiles
[start] Sat May 23 04:21:32 PM CDT 2026  task=10  policy=cnn  name=cond_C  ckpt=runs/cnn__grandom_yfollow__cond_C__1__1779563867/agent.pt
----- visible teleport (goal moves into agent's 7x7 view) -----

Agent:               runs/cnn__grandom_yfollow__cond_C__1__1779563867/agent.pt
Policy:              cnn
Eval distribution:   goal_room=random  yellow_room=off
Teleport mode:       visible
Intervention step:   30
Valid episodes:      200  (skipped 117)

Reach-new-goal rate:                 0.870  (174/200)
Steps to reach (when reached):       mean=9.7  median=7.0
Initial dist to new goal:            mean=3.46  median=3.0
Closest approach (min dist after):   mean=0.40  median=0.0
Distance drop in first 5 steps:      mean=-1.20  median=-1.0
  (negative = moved toward new goal,  positive = moved away,  ~0 = no response)
----- invisible teleport (goal moves far outside agent's view) -----

Agent:               runs/cnn__grandom_yfollow__cond_C__1__1779563867/agent.pt
Policy:              cnn
Eval distribution:   goal_room=random  yellow_room=off
Teleport mode:       invisible
Intervention step:   30
Valid episodes:      200  (skipped 90)

Reach-new-goal rate:                 0.625  (125/200)
Steps to reach (when reached):       mean=35.6  median=32.0
Initial dist to new goal:            mean=12.59  median=12.0
Closest approach (min dist after):   mean=2.47  median=0.0
Distance drop in first 5 steps:      mean=-0.10  median=+0.0
  (negative = moved toward new goal,  positive = moved away,  ~0 = no response)
[done] Sat May 23 04:21:54 PM CDT 2026  policy=cnn  name=cond_C
