Unloading shared
  WARNING: Did not unuse /cm/shared/modulefiles
[start] Sat May 23 04:21:26 PM CDT 2026  task=6  policy=cnn  name=baseline_fixed  ckpt=runs/cnn__g1_yoff__baseline_fixed__1__1779562055/agent.pt
----- visible teleport (goal moves into agent's 7x7 view) -----

Agent:               runs/cnn__g1_yoff__baseline_fixed__1__1779562055/agent.pt
Policy:              cnn
Eval distribution:   goal_room=random  yellow_room=off
Teleport mode:       visible
Intervention step:   30
Valid episodes:      200  (skipped 97)

Reach-new-goal rate:                 0.935  (187/200)
Steps to reach (when reached):       mean=9.0  median=7.0
Initial dist to new goal:            mean=3.64  median=3.5
Closest approach (min dist after):   mean=0.19  median=0.0
Distance drop in first 5 steps:      mean=-1.66  median=-2.0
  (negative = moved toward new goal,  positive = moved away,  ~0 = no response)
----- invisible teleport (goal moves far outside agent's view) -----

Agent:               runs/cnn__g1_yoff__baseline_fixed__1__1779562055/agent.pt
Policy:              cnn
Eval distribution:   goal_room=random  yellow_room=off
Teleport mode:       invisible
Intervention step:   30
Valid episodes:      200  (skipped 79)

Reach-new-goal rate:                 0.445  (89/200)
Steps to reach (when reached):       mean=30.7  median=27.0
Initial dist to new goal:            mean=12.94  median=12.0
Closest approach (min dist after):   mean=4.72  median=3.0
Distance drop in first 5 steps:      mean=-0.03  median=+0.0
  (negative = moved toward new goal,  positive = moved away,  ~0 = no response)
[done] Sat May 23 04:21:47 PM CDT 2026  policy=cnn  name=baseline_fixed
