Unloading shared
  WARNING: Did not unuse /cm/shared/modulefiles
[start] Sat May 23 02:18:03 PM CDT 2026  host=node048  task=4  policy=mlp  name=cond_C
name
NVIDIA L40S
global_step=400, episodic_return=0.0
global_step=400, episodic_return=0.0
global_step=400, episodic_return=0.0
global_step=400, episodic_return=0.0
SPS: 1009
global_step=804, episodic_return=0.0
global_step=804, episodic_return=0.0
global_step=804, episodic_return=0.0
global_step=804, episodic_return=0.0
SPS: 1500
global_step=1208, episodic_return=0.0
global_step=1208, episodic_return=0.0
global_step=1208, episodic_return=0.0
global_step=1208, episodic_return=0.0
SPS: 1789
global_step=1612, episodic_return=0.0
global_step=1612, episodic_return=0.0
global_step=1612, episodic_return=0.0
global_step=1612, episodic_return=0.0
global_step=2016, episodic_return=0.0
global_step=2016, episodic_return=0.0
global_step=2016, episodic_return=0.0
global_step=2016, episodic_return=0.0
SPS: 1975
global_step=2420, episodic_return=0.0
global_step=2420, episodic_return=0.0
global_step=2420, episodic_return=0.0
global_step=2420, episodic_return=0.0
SPS: 2112
global_step=2824, episodic_return=0.0
global_step=2824, episodic_return=0.0
global_step=2824, episodic_return=0.0
global_step=2824, episodic_return=0.0
SPS: 2212
global_step=3228, episodic_return=0.0
global_step=3228, episodic_return=0.0
global_step=3228, episodic_return=0.0
global_step=3228, episodic_return=0.0
SPS: 2295
global_step=3632, episodic_return=0.0
global_step=3632, episodic_return=0.0
global_step=3632, episodic_return=0.0
global_step=3632, episodic_return=0.0
global_step=4036, episodic_return=0.0
global_step=4036, episodic_return=0.0
global_step=4036, episodic_return=0.0
global_step=4036, episodic_return=0.0
SPS: 2354
global_step=4440, episodic_return=0.0
global_step=4440, episodic_return=0.0
global_step=4440, episodic_return=0.0
global_step=4440, episodic_return=0.0
SPS: 2406
global_step=4844, episodic_return=0.0
global_step=4844, episodic_return=0.0
global_step=4844, episodic_return=0.0
global_step=4844, episodic_return=0.0
SPS: 2452
global_step=5248, episodic_return=0.0
global_step=5248, episodic_return=0.0
global_step=5248, episodic_return=0.0
global_step=5248, episodic_return=0.0
SPS: 2489
global_step=5652, episodic_return=0.0
global_step=5652, episodic_return=0.0
global_step=5652, episodic_return=0.0
global_step=5652, episodic_return=0.0
global_step=6056, episodic_return=0.0
global_step=6056, episodic_return=0.0
global_step=6056, episodic_return=0.0
global_step=6056, episodic_return=0.0
SPS: 2519
global_step=6460, episodic_return=0.0
global_step=6460, episodic_return=0.0
global_step=6460, episodic_return=0.0
global_step=6460, episodic_return=0.0
SPS: 2547
global_step=6864, episodic_return=0.0
global_step=6864, episodic_return=0.0
global_step=6864, episodic_return=0.0
global_step=6864, episodic_return=0.0
global_step=7104, episodic_return=0.469
SPS: 2570
global_step=7268, episodic_return=0.0
global_step=7268, episodic_return=0.0
global_step=7268, episodic_return=0.0
global_step=7508, episodic_return=0.0
global_step=7672, episodic_return=0.0
global_step=7672, episodic_return=0.0
global_step=7672, episodic_return=0.0
SPS: 2590
global_step=7912, episodic_return=0.0
global_step=8076, episodic_return=0.0
global_step=8076, episodic_return=0.0
global_step=8076, episodic_return=0.0
SPS: 2608
global_step=8316, episodic_return=0.0
global_step=8480, episodic_return=0.0
global_step=8480, episodic_return=0.0
global_step=8480, episodic_return=0.0
SPS: 2624
global_step=8720, episodic_return=0.0
global_step=8884, episodic_return=0.0
global_step=8884, episodic_return=0.0
global_step=8884, episodic_return=0.0
global_step=9124, episodic_return=0.0
SPS: 2639
global_step=9288, episodic_return=0.0
global_step=9288, episodic_return=0.0
global_step=9288, episodic_return=0.0
global_step=9528, episodic_return=0.0
global_step=9692, episodic_return=0.0
global_step=9692, episodic_return=0.0
global_step=9692, episodic_return=0.0
SPS: 2651
global_step=9828, episodic_return=0.703
global_step=9932, episodic_return=0.0
global_step=10096, episodic_return=0.0
global_step=10096, episodic_return=0.0
global_step=10232, episodic_return=0.0
SPS: 2664
global_step=10336, episodic_return=0.0
global_step=10500, episodic_return=0.0
global_step=10500, episodic_return=0.0
global_step=10636, episodic_return=0.0
global_step=10740, episodic_return=0.0
SPS: 2674
global_step=10904, episodic_return=0.0
global_step=10904, episodic_return=0.0
global_step=11040, episodic_return=0.0
global_step=11144, episodic_return=0.0
SPS: 2685
global_step=11308, episodic_return=0.0
global_step=11308, episodic_return=0.0
global_step=11444, episodic_return=0.0
global_step=11548, episodic_return=0.0
global_step=11712, episodic_return=0.0
global_step=11712, episodic_return=0.0
SPS: 2695
global_step=11848, episodic_return=0.0
global_step=11952, episodic_return=0.0
global_step=12116, episodic_return=0.0
global_step=12116, episodic_return=0.0
global_step=12252, episodic_return=0.0
SPS: 2704
global_step=12348, episodic_return=0.7929999999999999
global_step=12356, episodic_return=0.0
global_step=12520, episodic_return=0.0
global_step=12520, episodic_return=0.0
global_step=12752, episodic_return=0.0
global_step=12760, episodic_return=0.0
SPS: 2712
global_step=12924, episodic_return=0.0
global_step=12924, episodic_return=0.0
global_step=13156, episodic_return=0.0
global_step=13164, episodic_return=0.0
SPS: 2721
global_step=13328, episodic_return=0.0
global_step=13328, episodic_return=0.0
global_step=13560, episodic_return=0.0
global_step=13568, episodic_return=0.0
global_step=13732, episodic_return=0.0
global_step=13732, episodic_return=0.0
SPS: 2729
global_step=13964, episodic_return=0.0
global_step=13972, episodic_return=0.0
global_step=14136, episodic_return=0.0
global_step=14136, episodic_return=0.0
SPS: 2735
global_step=14368, episodic_return=0.0
global_step=14376, episodic_return=0.0
global_step=14540, episodic_return=0.0
global_step=14540, episodic_return=0.0
global_step=14652, episodic_return=0.757
global_step=14772, episodic_return=0.0
global_step=14780, episodic_return=0.0
SPS: 2741
global_step=14944, episodic_return=0.0
global_step=15056, episodic_return=0.0
global_step=15176, episodic_return=0.0
global_step=15184, episodic_return=0.0
global_step=15348, episodic_return=0.0
SPS: 2746
global_step=15460, episodic_return=0.0
global_step=15476, episodic_return=0.973
global_step=15580, episodic_return=0.0
global_step=15588, episodic_return=0.0
global_step=15740, episodic_return=0.649
global_step=15752, episodic_return=0.0
SPS: 2752
global_step=15880, episodic_return=0.0
global_step=15992, episodic_return=0.0
global_step=16144, episodic_return=0.0
global_step=16156, episodic_return=0.0
global_step=16284, episodic_return=0.0
SPS: 2757
global_step=16396, episodic_return=0.0
global_step=16452, episodic_return=0.883
global_step=16548, episodic_return=0.0
global_step=16560, episodic_return=0.0
global_step=16688, episodic_return=0.0
global_step=16856, episodic_return=0.0
SPS: 2762
global_step=16952, episodic_return=0.0
global_step=16964, episodic_return=0.0
global_step=17092, episodic_return=0.0
global_step=17260, episodic_return=0.0
global_step=17356, episodic_return=0.0
global_step=17368, episodic_return=0.0
SPS: 2764
global_step=17496, episodic_return=0.0
global_step=17664, episodic_return=0.0
global_step=17760, episodic_return=0.0
global_step=17772, episodic_return=0.0
global_step=17900, episodic_return=0.0
SPS: 2767
global_step=18068, episodic_return=0.0
global_step=18164, episodic_return=0.0
global_step=18176, episodic_return=0.0
global_step=18304, episodic_return=0.0
SPS: 2771
global_step=18472, episodic_return=0.0
global_step=18568, episodic_return=0.0
global_step=18580, episodic_return=0.0
global_step=18708, episodic_return=0.0
global_step=18876, episodic_return=0.0
global_step=18908, episodic_return=0.9369999999999999
SPS: 2774
global_step=18972, episodic_return=0.0
global_step=18984, episodic_return=0.0
global_step=19112, episodic_return=0.0
global_step=19116, episodic_return=0.5409999999999999
global_step=19376, episodic_return=0.0
global_step=19388, episodic_return=0.0
SPS: 2777
global_step=19516, episodic_return=0.0
global_step=19520, episodic_return=0.0
global_step=19648, episodic_return=0.712
global_step=19780, episodic_return=0.0
global_step=19792, episodic_return=0.0
global_step=19924, episodic_return=0.0
SPS: 2780
global_step=20048, episodic_return=0.10899999999999999
global_step=20184, episodic_return=0.0
global_step=20196, episodic_return=0.0
global_step=20328, episodic_return=0.0
global_step=20452, episodic_return=0.0
SPS: 2783
global_step=20540, episodic_return=0.20799999999999996
global_step=20560, episodic_return=0.964
global_step=20600, episodic_return=0.0
global_step=20732, episodic_return=0.0
global_step=20856, episodic_return=0.0
global_step=20964, episodic_return=0.0
SPS: 2785
global_step=21004, episodic_return=0.0
global_step=21136, episodic_return=0.0
global_step=21260, episodic_return=0.0
global_step=21368, episodic_return=0.0
global_step=21408, episodic_return=0.0
SPS: 2788
global_step=21540, episodic_return=0.0
global_step=21664, episodic_return=0.0
global_step=21772, episodic_return=0.0
global_step=21812, episodic_return=0.0
global_step=21944, episodic_return=0.0
SPS: 2791
global_step=22068, episodic_return=0.0
global_step=22176, episodic_return=0.0
global_step=22216, episodic_return=0.0
global_step=22348, episodic_return=0.0
global_step=22400, episodic_return=0.892
global_step=22472, episodic_return=0.0
SPS: 2793
global_step=22580, episodic_return=0.0
global_step=22620, episodic_return=0.0
global_step=22804, episodic_return=0.0
global_step=22876, episodic_return=0.0
global_step=22984, episodic_return=0.0
global_step=23024, episodic_return=0.0
SPS: 2795
global_step=23208, episodic_return=0.0
global_step=23280, episodic_return=0.0
global_step=23388, episodic_return=0.0
global_step=23428, episodic_return=0.0
SPS: 2797
global_step=23608, episodic_return=0.10899999999999999
global_step=23684, episodic_return=0.0
global_step=23792, episodic_return=0.0
global_step=23832, episodic_return=0.0
global_step=24012, episodic_return=0.0
SPS: 2801
global_step=24088, episodic_return=0.0
global_step=24196, episodic_return=0.0
global_step=24236, episodic_return=0.0
global_step=24416, episodic_return=0.0
global_step=24492, episodic_return=0.0
SPS: 2802
global_step=24600, episodic_return=0.0
global_step=24640, episodic_return=0.0
global_step=24820, episodic_return=0.0
global_step=24896, episodic_return=0.0
global_step=25004, episodic_return=0.0
global_step=25044, episodic_return=0.0
SPS: 2803
global_step=25096, episodic_return=0.3879999999999999
global_step=25300, episodic_return=0.0
global_step=25408, episodic_return=0.0
global_step=25448, episodic_return=0.0
global_step=25500, episodic_return=0.0
SPS: 2805
global_step=25704, episodic_return=0.0
global_step=25812, episodic_return=0.0
global_step=25852, episodic_return=0.0
global_step=25904, episodic_return=0.0
global_step=26108, episodic_return=0.0
SPS: 2807
global_step=26216, episodic_return=0.0
global_step=26256, episodic_return=0.0
global_step=26308, episodic_return=0.0
global_step=26512, episodic_return=0.0
global_step=26620, episodic_return=0.0
SPS: 2809
global_step=26660, episodic_return=0.0
global_step=26696, episodic_return=0.595
global_step=26712, episodic_return=0.0
global_step=27024, episodic_return=0.0
global_step=27064, episodic_return=0.0
global_step=27100, episodic_return=0.0
global_step=27116, episodic_return=0.0
SPS: 2810
global_step=27428, episodic_return=0.0
global_step=27468, episodic_return=0.0
global_step=27504, episodic_return=0.0
global_step=27520, episodic_return=0.0
SPS: 2813
global_step=27832, episodic_return=0.0
global_step=27872, episodic_return=0.0
global_step=27908, episodic_return=0.0
global_step=27924, episodic_return=0.0
global_step=28104, episodic_return=0.5680000000000001
global_step=28124, episodic_return=0.964
SPS: 2815
global_step=28236, episodic_return=0.0
global_step=28276, episodic_return=0.0
global_step=28328, episodic_return=0.0
global_step=28528, episodic_return=0.0
global_step=28640, episodic_return=0.0
SPS: 2816
global_step=28680, episodic_return=0.0
global_step=28732, episodic_return=0.0
global_step=28932, episodic_return=0.0
global_step=29044, episodic_return=0.0
global_step=29084, episodic_return=0.0
global_step=29136, episodic_return=0.0
SPS: 2818
global_step=29300, episodic_return=0.5229999999999999
global_step=29336, episodic_return=0.0
global_step=29448, episodic_return=0.0
global_step=29540, episodic_return=0.0
global_step=29660, episodic_return=0.532
SPS: 2819
global_step=29704, episodic_return=0.0
global_step=29740, episodic_return=0.0
global_step=29944, episodic_return=0.0
global_step=30064, episodic_return=0.0
global_step=30108, episodic_return=0.0
global_step=30144, episodic_return=0.0
SPS: 2821
global_step=30348, episodic_return=0.0
global_step=30468, episodic_return=0.0
global_step=30512, episodic_return=0.0
global_step=30548, episodic_return=0.0
SPS: 2822
global_step=30752, episodic_return=0.0
global_step=30872, episodic_return=0.0
global_step=30916, episodic_return=0.0
global_step=30952, episodic_return=0.0
global_step=31156, episodic_return=0.0
SPS: 2824
global_step=31276, episodic_return=0.0
global_step=31320, episodic_return=0.0
global_step=31356, episodic_return=0.0
global_step=31560, episodic_return=0.0
global_step=31680, episodic_return=0.0
global_step=31724, episodic_return=0.0
SPS: 2825
global_step=31760, episodic_return=0.0
global_step=31964, episodic_return=0.0
global_step=32084, episodic_return=0.0
global_step=32128, episodic_return=0.0
global_step=32136, episodic_return=0.622
global_step=32164, episodic_return=0.0
SPS: 2826
global_step=32488, episodic_return=0.0
